\BOOKMARK [-1][-]{part.1}{\376\377\000I\000\040\000F\000o\000n\000d\000a\000s\000i\000\040\000A\000I}{}% 1
\BOOKMARK [0][-]{chapter.1}{\376\377\000P\000e\000n\000g\000a\000n\000t\000a\000r\000\040\000K\000e\000c\000e\000r\000d\000a\000s\000a\000n\000\040\000B\000u\000a\000t\000a\000n}{part.1}% 2
\BOOKMARK [1][-]{section.1.1}{\376\377\000A\000p\000a\000\040\000I\000t\000u\000\040\000K\000e\000c\000e\000r\000d\000a\000s\000a\000n\000\040\000B\000u\000a\000t\000a\000n\000?}{chapter.1}% 3
\BOOKMARK [1][-]{section.1.2}{\376\377\000S\000e\000j\000a\000r\000a\000h\000\040\000S\000i\000n\000g\000k\000a\000t\000\040\000A\000I}{chapter.1}% 4
\BOOKMARK [1][-]{section.1.3}{\376\377\000T\000i\000g\000a\000\040\000T\000i\000p\000e\000\040\000A\000I}{chapter.1}% 5
\BOOKMARK [2][-]{subsection.1.3.1}{\376\377\0001\000.\000\040\000A\000r\000t\000i\000f\000i\000c\000i\000a\000l\000\040\000N\000a\000r\000r\000o\000w\000\040\000I\000n\000t\000e\000l\000l\000i\000g\000e\000n\000c\000e\000\040\000\050\000A\000N\000I\000\051}{section.1.3}% 6
\BOOKMARK [2][-]{subsection.1.3.2}{\376\377\0002\000.\000\040\000A\000r\000t\000i\000f\000i\000c\000i\000a\000l\000\040\000G\000e\000n\000e\000r\000a\000l\000\040\000I\000n\000t\000e\000l\000l\000i\000g\000e\000n\000c\000e\000\040\000\050\000A\000G\000I\000\051}{section.1.3}% 7
\BOOKMARK [2][-]{subsection.1.3.3}{\376\377\0003\000.\000\040\000A\000r\000t\000i\000f\000i\000c\000i\000a\000l\000\040\000S\000u\000p\000e\000r\000\040\000I\000n\000t\000e\000l\000l\000i\000g\000e\000n\000c\000e\000\040\000\050\000A\000S\000I\000\051}{section.1.3}% 8
\BOOKMARK [1][-]{section.1.4}{\376\377\000M\000a\000c\000h\000i\000n\000e\000\040\000L\000e\000a\000r\000n\000i\000n\000g\000\040\000v\000s\000.\000\040\000D\000e\000e\000p\000\040\000L\000e\000a\000r\000n\000i\000n\000g\000\040\000v\000s\000.\000\040\000G\000e\000n\000e\000r\000a\000t\000i\000v\000e\000\040\000A\000I}{chapter.1}% 9
\BOOKMARK [1][-]{section.1.5}{\376\377\000L\000a\000t\000i\000h\000a\000n\000\040\000P\000r\000a\000k\000t\000i\000s\000\040\0001\000:\000\040\000A\000u\000d\000i\000t\000\040\000A\000I\000\040\000H\000a\000r\000i\000a\000n\000\040\000A\000n\000d\000a}{chapter.1}% 10
\BOOKMARK [0][-]{chapter.2}{\376\377\000B\000a\000g\000a\000i\000m\000a\000n\000a\000\040\000L\000L\000M\000\040\000B\000e\000k\000e\000r\000j\000a\000?}{part.1}% 11
\BOOKMARK [1][-]{section.2.1}{\376\377\000A\000n\000a\000l\000o\000g\000i\000\040\000B\000u\000r\000u\000n\000g\000\040\000B\000e\000o\000\040\000P\000r\000o\000b\000a\000b\000i\000l\000i\000s\000t\000i\000k}{chapter.2}% 12
\BOOKMARK [1][-]{section.2.2}{\376\377\000T\000o\000k\000e\000n\000i\000s\000a\000s\000i\000:\000\040\000C\000a\000r\000a\000\040\000A\000I\000\040\000M\000e\000m\000b\000a\000c\000a}{chapter.2}% 13
\BOOKMARK [1][-]{section.2.3}{\376\377\000P\000r\000e\000d\000i\000k\000s\000i\000\040\000K\000a\000t\000a\000\040\000B\000e\000r\000i\000k\000u\000t\000n\000y\000a\000\040\000\050\000N\000e\000x\000t\000\040\000T\000o\000k\000e\000n\000\040\000P\000r\000e\000d\000i\000c\000t\000i\000o\000n\000\051}{chapter.2}% 14
\BOOKMARK [1][-]{section.2.4}{\376\377\000H\000a\000l\000u\000s\000i\000n\000a\000s\000i\000:\000\040\000K\000e\000t\000i\000k\000a\000\040\000A\000I\000\040\000B\000e\000r\000b\000o\000h\000o\000n\000g}{chapter.2}% 15
\BOOKMARK [1][-]{section.2.5}{\376\377\000T\000r\000a\000i\000n\000i\000n\000g\000\040\000D\000a\000t\000a}{chapter.2}% 16
\BOOKMARK [-1][-]{part.2}{\376\377\000I\000I\000\040\000P\000r\000o\000m\000p\000t\000\040\000E\000n\000g\000i\000n\000e\000e\000r\000i\000n\000g\000\040\000P\000r\000a\000k\000t\000i\000s}{}% 17
\BOOKMARK [0][-]{chapter.3}{\376\377\000D\000a\000s\000a\000r\000-\000d\000a\000s\000a\000r\000\040\000P\000r\000o\000m\000p\000t\000\040\000E\000n\000g\000i\000n\000e\000e\000r\000i\000n\000g}{part.2}% 18
\BOOKMARK [1][-]{section.3.1}{\376\377\000A\000n\000a\000t\000o\000m\000i\000\040\000P\000r\000o\000m\000p\000t\000\040\000y\000a\000n\000g\000\040\000B\000a\000i\000k}{chapter.3}% 19
\BOOKMARK [1][-]{section.3.2}{\376\377\000Z\000e\000r\000o\000-\000S\000h\000o\000t\000\040\000v\000s\000.\000\040\000F\000e\000w\000-\000S\000h\000o\000t\000\040\000P\000r\000o\000m\000p\000t\000i\000n\000g}{chapter.3}% 20
\BOOKMARK [2][-]{subsection.3.2.1}{\376\377\000Z\000e\000r\000o\000-\000S\000h\000o\000t}{section.3.2}% 21
\BOOKMARK [2][-]{subsection.3.2.2}{\376\377\000F\000e\000w\000-\000S\000h\000o\000t\000\040\000\050\000P\000e\000m\000b\000e\000r\000i\000a\000n\000\040\000C\000o\000n\000t\000o\000h\000\051}{section.3.2}% 22
\BOOKMARK [1][-]{section.3.3}{\376\377\000C\000h\000a\000i\000n\000\040\000o\000f\000\040\000T\000h\000o\000u\000g\000h\000t\000\040\000\050\000C\000o\000T\000\051}{chapter.3}% 23
\BOOKMARK [1][-]{section.3.4}{\376\377\000T\000e\000k\000n\000i\000k\000\040\000R\000e\000A\000c\000t\000\040\000\050\000R\000e\000a\000s\000o\000n\000\040\000+\000\040\000A\000c\000t\000\051}{chapter.3}% 24
\BOOKMARK [1][-]{section.3.5}{\376\377\000W\000o\000r\000k\000s\000h\000o\000p\000:\000\040\000M\000e\000m\000p\000e\000r\000b\000a\000i\000k\000i\000\040\000P\000r\000o\000m\000p\000t}{chapter.3}% 25
\BOOKMARK [1][-]{section.3.6}{\376\377\000A\000d\000v\000a\000n\000c\000e\000d\000\040\000P\000r\000o\000m\000p\000t\000i\000n\000g\000\040\000C\000h\000e\000a\000t\000\040\000S\000h\000e\000e\000t}{chapter.3}% 26
\BOOKMARK [0][-]{chapter.4}{\376\377\000P\000e\000r\000a\000l\000a\000t\000a\000n\000\040\000A\000I\000\040\000P\000r\000a\000k\000t\000i\000s\000\040\000\050\000T\000h\000e\000\040\000A\000I\000\040\000T\000o\000o\000l\000b\000o\000x\000\051}{part.2}% 27
\BOOKMARK [1][-]{section.4.1}{\376\377\000C\000h\000a\000t\000G\000P\000T\000\040\000\050\000O\000p\000e\000n\000A\000I\000\051}{chapter.4}% 28
\BOOKMARK [1][-]{section.4.2}{\376\377\000C\000l\000a\000u\000d\000e\000\040\000\050\000A\000n\000t\000h\000r\000o\000p\000i\000c\000\051}{chapter.4}% 29
\BOOKMARK [1][-]{section.4.3}{\376\377\000M\000i\000d\000j\000o\000u\000r\000n\000e\000y\000\040\000\046\000\040\000D\000A\000L\000L\000-\000E\000\040\0003}{chapter.4}% 30
\BOOKMARK [2][-]{subsection.4.3.1}{\376\377\000M\000i\000d\000j\000o\000u\000r\000n\000e\000y}{section.4.3}% 31
\BOOKMARK [2][-]{subsection.4.3.2}{\376\377\000D\000A\000L\000L\000-\000E\000\040\0003}{section.4.3}% 32
\BOOKMARK [1][-]{section.4.4}{\376\377\000S\000t\000u\000d\000i\000\040\000K\000a\000s\000u\000s\000:\000\040\000M\000e\000m\000b\000u\000a\000t\000\040\000P\000r\000e\000s\000e\000n\000t\000a\000s\000i\000\040\000P\000i\000t\000c\000h\000\040\000D\000e\000c\000k}{chapter.4}% 33
\BOOKMARK [0][-]{chapter.5}{\376\377\000A\000I\000\040\000u\000n\000t\000u\000k\000\040\000P\000r\000o\000d\000u\000k\000t\000i\000v\000i\000t\000a\000s\000\040\000\050\000S\000t\000u\000d\000i\000\040\000K\000a\000s\000u\000s\000\051}{part.2}% 34
\BOOKMARK [1][-]{section.5.1}{\376\377\000S\000t\000u\000d\000i\000\040\000K\000a\000s\000u\000s\000\040\0001\000:\000\040\000A\000s\000i\000s\000t\000e\000n\000\040\000P\000e\000n\000u\000l\000i\000s\000a\000n\000\040\000\050\000W\000r\000i\000t\000i\000n\000g\000\040\000A\000s\000s\000i\000s\000t\000a\000n\000t\000\051}{chapter.5}% 35
\BOOKMARK [2][-]{subsection.5.1.1}{\376\377\0001\000.\000\040\000B\000r\000a\000i\000n\000s\000t\000o\000r\000m\000i\000n\000g\000\040\000I\000d\000e\000\040\000K\000o\000n\000t\000e\000n}{section.5.1}% 36
\BOOKMARK [2][-]{subsection.5.1.2}{\376\377\0002\000.\000\040\000M\000e\000m\000b\000u\000a\000t\000\040\000O\000u\000t\000l\000i\000n\000e\000\040\000S\000t\000r\000u\000k\000t\000u\000r}{section.5.1}% 37
\BOOKMARK [2][-]{subsection.5.1.3}{\376\377\0003\000.\000\040\000D\000r\000a\000f\000t\000i\000n\000g\000\040\000d\000a\000n\000\040\000E\000d\000i\000t\000i\000n\000g}{section.5.1}% 38
\BOOKMARK [1][-]{section.5.2}{\376\377\000S\000t\000u\000d\000i\000\040\000K\000a\000s\000u\000s\000\040\0002\000:\000\040\000C\000o\000d\000i\000n\000g\000\040\000A\000s\000s\000i\000s\000t\000a\000n\000t\000\040\000\050\000U\000n\000t\000u\000k\000\040\000N\000o\000n\000-\000P\000r\000o\000g\000r\000a\000m\000m\000e\000r\000\051}{chapter.5}% 39
\BOOKMARK [1][-]{section.5.3}{\376\377\000S\000t\000u\000d\000i\000\040\000K\000a\000s\000u\000s\000\040\0003\000:\000\040\000A\000n\000a\000l\000i\000s\000i\000s\000\040\000D\000a\000t\000a\000\040\000I\000n\000s\000t\000a\000n}{chapter.5}% 40
\BOOKMARK [1][-]{section.5.4}{\376\377\000C\000h\000e\000a\000t\000\040\000S\000h\000e\000e\000t\000\040\000P\000r\000o\000d\000u\000k\000t\000i\000v\000i\000t\000a\000s}{chapter.5}% 41
\BOOKMARK [-1][-]{part.3}{\376\377\000I\000I\000I\000\040\000I\000m\000p\000l\000e\000m\000e\000n\000t\000a\000s\000i\000\040\000T\000e\000k\000n\000i\000s\000\040\000\046\000\040\000C\000o\000d\000i\000n\000g}{}% 42
\BOOKMARK [0][-]{chapter.6}{\376\377\000M\000e\000n\000y\000i\000a\000p\000k\000a\000n\000\040\000L\000i\000n\000g\000k\000u\000n\000g\000a\000n\000\040\000P\000e\000n\000g\000e\000m\000b\000a\000n\000g\000a\000n\000\040\000\050\000D\000e\000v\000\040\000E\000n\000v\000i\000r\000o\000n\000m\000e\000n\000t\000\051}{part.3}% 43
\BOOKMARK [1][-]{section.6.1}{\376\377\000L\000a\000n\000g\000k\000a\000h\000\040\0001\000:\000\040\000I\000n\000s\000t\000a\000l\000a\000s\000i\000\040\000P\000y\000t\000h\000o\000n}{chapter.6}% 44
\BOOKMARK [1][-]{section.6.2}{\376\377\000L\000a\000n\000g\000k\000a\000h\000\040\0002\000:\000\040\000I\000n\000s\000t\000a\000l\000a\000s\000i\000\040\000V\000S\000\040\000C\000o\000d\000e}{chapter.6}% 45
\BOOKMARK [1][-]{section.6.3}{\376\377\000L\000a\000n\000g\000k\000a\000h\000\040\0003\000:\000\040\000V\000i\000r\000t\000u\000a\000l\000\040\000E\000n\000v\000i\000r\000o\000n\000m\000e\000n\000t\000\040\000\050\000V\000e\000n\000v\000\051}{chapter.6}% 46
\BOOKMARK [1][-]{section.6.4}{\376\377\000L\000a\000n\000g\000k\000a\000h\000\040\0004\000:\000\040\000M\000e\000n\000g\000i\000n\000s\000t\000a\000l\000l\000\040\000L\000i\000b\000r\000a\000r\000y\000\040\000A\000I}{chapter.6}% 47
\BOOKMARK [1][-]{section.6.5}{\376\377\000H\000e\000l\000l\000o\000\040\000W\000o\000r\000l\000d\000:\000\040\000S\000k\000r\000i\000p\000\040\000A\000I\000\040\000P\000e\000r\000t\000a\000m\000a\000\040\000A\000n\000d\000a}{chapter.6}% 48
\BOOKMARK [1][-]{section.6.6}{\376\377\000C\000o\000m\000m\000o\000n\000\040\000E\000r\000r\000o\000r\000s\000\040\000\046\000\040\000S\000o\000l\000u\000t\000i\000o\000n\000s}{chapter.6}% 49
\BOOKMARK [2][-]{subsection.6.6.1}{\376\377\000M\000o\000d\000u\000l\000e\000N\000o\000t\000F\000o\000u\000n\000d\000E\000r\000r\000o\000r}{section.6.6}% 50
\BOOKMARK [2][-]{subsection.6.6.2}{\376\377\000A\000P\000I\000C\000o\000n\000n\000e\000c\000t\000i\000o\000n\000E\000r\000r\000o\000r}{section.6.6}% 51
\BOOKMARK [2][-]{subsection.6.6.3}{\376\377\000R\000a\000t\000e\000L\000i\000m\000i\000t\000E\000r\000r\000o\000r}{section.6.6}% 52
\BOOKMARK [2][-]{subsection.6.6.4}{\376\377\000A\000u\000t\000h\000e\000n\000t\000i\000c\000a\000t\000i\000o\000n\000E\000r\000r\000o\000r}{section.6.6}% 53
\BOOKMARK [0][-]{chapter.7}{\376\377\000B\000e\000r\000i\000n\000t\000e\000r\000a\000k\000s\000i\000\040\000d\000e\000n\000g\000a\000n\000\040\000A\000P\000I}{part.3}% 54
\BOOKMARK [1][-]{section.7.1}{\376\377\000M\000e\000n\000d\000a\000p\000a\000t\000k\000a\000n\000\040\000A\000P\000I\000\040\000K\000e\000y}{chapter.7}% 55
\BOOKMARK [1][-]{section.7.2}{\376\377\000S\000t\000r\000u\000k\000t\000u\000r\000\040\000R\000e\000q\000u\000e\000s\000t\000\040\000J\000S\000O\000N}{chapter.7}% 56
\BOOKMARK [1][-]{section.7.3}{\376\377\000M\000e\000m\000b\000u\000a\000t\000\040\000C\000h\000a\000t\000b\000o\000t\000\040\000S\000e\000d\000e\000r\000h\000a\000n\000a\000\040\000d\000e\000n\000g\000a\000n\000\040\000P\000y\000t\000h\000o\000n}{chapter.7}% 57
\BOOKMARK [2][-]{subsection.7.3.1}{\376\377\0001\000.\000\040\000S\000i\000m\000p\000a\000n\000\040\000A\000P\000I\000\040\000K\000e\000y}{section.7.3}% 58
\BOOKMARK [2][-]{subsection.7.3.2}{\376\377\0002\000.\000\040\000T\000u\000l\000i\000s\000\040\000K\000o\000d\000e\000\040\000C\000h\000a\000t\000b\000o\000t}{section.7.3}% 59
\BOOKMARK [1][-]{section.7.4}{\376\377\000S\000t\000r\000e\000a\000m\000i\000n\000g\000\040\000R\000e\000s\000p\000o\000n\000s\000e\000s}{chapter.7}% 60
\BOOKMARK [1][-]{section.7.5}{\376\377\000C\000o\000s\000t\000\040\000M\000a\000n\000a\000g\000e\000m\000e\000n\000t\000\040\000\050\000M\000e\000n\000g\000h\000i\000t\000u\000n\000g\000\040\000T\000o\000k\000e\000n\000\051}{chapter.7}% 61
\BOOKMARK [0][-]{chapter.8}{\376\377\000R\000e\000t\000r\000i\000e\000v\000a\000l\000\040\000A\000u\000g\000m\000e\000n\000t\000e\000d\000\040\000G\000e\000n\000e\000r\000a\000t\000i\000o\000n\000\040\000\050\000R\000A\000G\000\051\000\040\000D\000a\000s\000a\000r}{part.3}% 62
\BOOKMARK [1][-]{section.8.1}{\376\377\000K\000o\000n\000s\000e\000p\000\040\000D\000a\000s\000a\000r\000\040\000R\000A\000G}{chapter.8}% 63
\BOOKMARK [1][-]{section.8.2}{\376\377\000V\000e\000c\000t\000o\000r\000\040\000E\000m\000b\000e\000d\000d\000i\000n\000g\000s\000:\000\040\000B\000a\000h\000a\000s\000a\000\040\000M\000e\000s\000i\000n}{chapter.8}% 64
\BOOKMARK [1][-]{section.8.3}{\376\377\000M\000e\000m\000b\000a\000n\000g\000u\000n\000\040\000"\000C\000h\000a\000t\000\040\000w\000i\000t\000h\000\040\000y\000o\000u\000r\000\040\000P\000D\000F\000"\000\040\000S\000e\000d\000e\000r\000h\000a\000n\000a}{chapter.8}% 65
\BOOKMARK [1][-]{section.8.4}{\376\377\000P\000r\000o\000y\000e\000k\000\040\000A\000k\000h\000i\000r\000\040\000B\000a\000g\000i\000a\000n\000\040\000I\000I\000I\000:\000\040\000B\000o\000t\000\040\000C\000u\000s\000t\000o\000m\000e\000r\000\040\000S\000e\000r\000v\000i\000c\000e}{chapter.8}% 66
\BOOKMARK [-1][-]{part.4}{\376\377\000I\000V\000\040\000T\000o\000p\000i\000k\000\040\000L\000a\000n\000j\000u\000t\000a\000n\000\040\000\050\000A\000d\000v\000a\000n\000c\000e\000d\000\051}{}% 67
\BOOKMARK [0][-]{chapter.9}{\376\377\000D\000e\000e\000p\000\040\000D\000i\000v\000e\000:\000\040\000C\000o\000m\000p\000u\000t\000e\000r\000\040\000V\000i\000s\000i\000o\000n}{part.4}% 68
\BOOKMARK [1][-]{section.9.1}{\376\377\000C\000o\000n\000v\000o\000l\000u\000t\000i\000o\000n\000a\000l\000\040\000N\000e\000u\000r\000a\000l\000\040\000N\000e\000t\000w\000o\000r\000k\000s\000\040\000\050\000C\000N\000N\000\051}{chapter.9}% 69
\BOOKMARK [1][-]{section.9.2}{\376\377\000O\000b\000j\000e\000c\000t\000\040\000D\000e\000t\000e\000c\000t\000i\000o\000n\000:\000\040\000Y\000O\000L\000O}{chapter.9}% 70
\BOOKMARK [1][-]{section.9.3}{\376\377\000I\000m\000a\000g\000e\000\040\000S\000e\000g\000m\000e\000n\000t\000a\000t\000i\000o\000n}{chapter.9}% 71
\BOOKMARK [1][-]{section.9.4}{\376\377\000P\000e\000n\000e\000r\000a\000p\000a\000n\000\040\000d\000i\000\040\000I\000n\000d\000u\000s\000t\000r\000i}{chapter.9}% 72
\BOOKMARK [0][-]{chapter.10}{\376\377\000N\000L\000P\000\040\000L\000a\000n\000j\000u\000t\000a\000n\000:\000\040\000D\000i\000\040\000B\000a\000l\000i\000k\000\040\000L\000a\000y\000a\000r\000\040\000L\000L\000M}{part.4}% 73
\BOOKMARK [1][-]{section.10.1}{\376\377\000E\000v\000o\000l\000u\000s\000i\000\040\000N\000L\000P\000:\000\040\000R\000N\000N\000\040\000v\000s\000\040\000T\000r\000a\000n\000s\000f\000o\000r\000m\000e\000r}{chapter.10}% 74
\BOOKMARK [2][-]{subsection.10.1.1}{\376\377\000R\000N\000N\000\040\000\050\000R\000e\000c\000u\000r\000r\000e\000n\000t\000\040\000N\000e\000u\000r\000a\000l\000\040\000N\000e\000t\000w\000o\000r\000k\000s\000\051}{section.10.1}% 75
\BOOKMARK [2][-]{subsection.10.1.2}{\376\377\000T\000r\000a\000n\000s\000f\000o\000r\000m\000e\000r\000\040\000\050\000A\000t\000t\000e\000n\000t\000i\000o\000n\000\040\000M\000e\000c\000h\000a\000n\000i\000s\000m\000\051}{section.10.1}% 76
\BOOKMARK [1][-]{section.10.2}{\376\377\000B\000E\000R\000T\000\040\000v\000s\000\040\000G\000P\000T}{chapter.10}% 77
\BOOKMARK [1][-]{section.10.3}{\376\377\000F\000i\000n\000e\000-\000T\000u\000n\000i\000n\000g\000\040\000v\000s\000\040\000R\000A\000G}{chapter.10}% 78
\BOOKMARK [0][-]{chapter.11}{\376\377\000G\000e\000n\000e\000r\000a\000t\000i\000v\000e\000\040\000M\000e\000d\000i\000a\000:\000\040\000G\000a\000m\000b\000a\000r\000,\000\040\000V\000i\000d\000e\000o\000,\000\040\000\040\000A\000u\000d\000i\000o}{part.4}% 79
\BOOKMARK [1][-]{section.11.1}{\376\377\000D\000i\000f\000f\000u\000s\000i\000o\000n\000\040\000M\000o\000d\000e\000l\000s\000\040\000\050\000S\000t\000a\000b\000l\000e\000\040\000D\000i\000f\000f\000u\000s\000i\000o\000n\000\051}{chapter.11}% 80
\BOOKMARK [1][-]{section.11.2}{\376\377\000V\000i\000d\000e\000o\000\040\000G\000e\000n\000e\000r\000a\000t\000i\000o\000n\000\040\000\050\000S\000o\000r\000a\000,\000\040\000R\000u\000n\000w\000a\000y\000\051}{chapter.11}% 81
\BOOKMARK [1][-]{section.11.3}{\376\377\000A\000u\000d\000i\000o\000\040\000\040\000V\000o\000i\000c\000e\000\040\000C\000l\000o\000n\000i\000n\000g}{chapter.11}% 82
\BOOKMARK [1][-]{section.11.4}{\376\377\000T\000u\000t\000o\000r\000i\000a\000l\000:\000\040\000M\000e\000n\000g\000g\000u\000n\000a\000k\000a\000n\000\040\000O\000p\000e\000n\000A\000I\000\040\000W\000h\000i\000s\000p\000e\000r\000\040\000\050\000S\000p\000e\000e\000c\000h\000-\000t\000o\000-\000T\000e\000x\000t\000\051}{chapter.11}% 83
\BOOKMARK [-1][-]{part.5}{\376\377\000V\000\040\000S\000t\000r\000a\000t\000e\000g\000i\000\040\000\046\000\040\000M\000a\000s\000a\000\040\000D\000e\000p\000a\000n}{}% 84
\BOOKMARK [0][-]{chapter.12}{\376\377\000S\000t\000r\000a\000t\000e\000g\000i\000\040\000A\000I\000\040\000u\000n\000t\000u\000k\000\040\000B\000i\000s\000n\000i\000s}{part.5}% 85
\BOOKMARK [1][-]{section.12.1}{\376\377\000F\000r\000a\000m\000e\000w\000o\000r\000k\000\040\000A\000d\000o\000p\000s\000i\000\040\000A\000I}{chapter.12}% 86
\BOOKMARK [1][-]{section.12.2}{\376\377\000M\000e\000n\000g\000h\000i\000t\000u\000n\000g\000\040\000R\000O\000I\000\040\000A\000I}{chapter.12}% 87
\BOOKMARK [1][-]{section.12.3}{\376\377\000S\000t\000u\000d\000i\000\040\000K\000a\000s\000u\000s\000\040\000S\000e\000k\000t\000o\000r\000a\000l}{chapter.12}% 88
\BOOKMARK [2][-]{subsection.12.3.1}{\376\377\000K\000e\000s\000e\000h\000a\000t\000a\000n}{section.12.3}% 89
\BOOKMARK [2][-]{subsection.12.3.2}{\376\377\000K\000e\000u\000a\000n\000g\000a\000n}{section.12.3}% 90
\BOOKMARK [2][-]{subsection.12.3.3}{\376\377\000E\000-\000C\000o\000m\000m\000e\000r\000c\000e}{section.12.3}% 91
\BOOKMARK [1][-]{section.12.4}{\376\377\000R\000i\000s\000i\000k\000o\000\040\000S\000h\000a\000d\000o\000w\000\040\000A\000I}{chapter.12}% 92
\BOOKMARK [0][-]{chapter.13}{\376\377\000M\000a\000s\000a\000\040\000D\000e\000p\000a\000n\000:\000\040\000Q\000u\000a\000n\000t\000u\000m\000\040\000A\000I\000\040\000\040\000A\000G\000I}{part.5}% 93
\BOOKMARK [1][-]{section.13.1}{\376\377\000Q\000u\000a\000n\000t\000u\000m\000\040\000C\000o\000m\000p\000u\000t\000i\000n\000g\000\040\000\046\000\040\000A\000I}{chapter.13}% 94
\BOOKMARK [1][-]{section.13.2}{\376\377\000M\000e\000n\000u\000j\000u\000\040\000A\000G\000I\000\040\000\050\000A\000r\000t\000i\000f\000i\000c\000i\000a\000l\000\040\000G\000e\000n\000e\000r\000a\000l\000\040\000I\000n\000t\000e\000l\000l\000i\000g\000e\000n\000c\000e\000\051}{chapter.13}% 95
\BOOKMARK [1][-]{section.13.3}{\376\377\000R\000e\000g\000u\000l\000a\000s\000i\000\040\000A\000I\000\040\000\050\000E\000U\000\040\000A\000I\000\040\000A\000c\000t\000\051}{chapter.13}% 96
\BOOKMARK [1][-]{section.13.4}{\376\377\000P\000e\000n\000u\000t\000u\000p\000:\000\040\000P\000e\000r\000a\000n\000\040\000M\000a\000n\000u\000s\000i\000a}{chapter.13}% 97
\BOOKMARK [0][-]{chapter.14}{\376\377\000E\000t\000i\000k\000a\000,\000\040\000K\000e\000a\000m\000a\000n\000a\000n\000,\000\040\000d\000a\000n\000\040\000M\000a\000s\000a\000\040\000D\000e\000p\000a\000n}{part.5}% 98
\BOOKMARK [1][-]{section.14.1}{\376\377\000B\000i\000a\000s\000\040\000d\000a\000n\000\040\000F\000a\000i\000r\000n\000e\000s\000s}{chapter.14}% 99
\BOOKMARK [1][-]{section.14.2}{\376\377\000P\000r\000i\000v\000a\000s\000i\000\040\000D\000a\000t\000a\000:\000\040\000J\000a\000n\000g\000a\000n\000\040\000U\000p\000l\000o\000a\000d\000\040\000R\000a\000h\000a\000s\000i\000a\000!}{chapter.14}% 100
\BOOKMARK [1][-]{section.14.3}{\376\377\000D\000e\000e\000p\000f\000a\000k\000e\000s\000\040\000d\000a\000n\000\040\000M\000i\000s\000i\000n\000f\000o\000r\000m\000a\000s\000i}{chapter.14}% 101
\BOOKMARK [1][-]{section.14.4}{\376\377\000P\000r\000o\000m\000p\000t\000\040\000I\000n\000j\000e\000c\000t\000i\000o\000n\000\040\000A\000t\000t\000a\000c\000k\000s}{chapter.14}% 102
\BOOKMARK [1][-]{section.14.5}{\376\377\000M\000a\000s\000a\000\040\000D\000e\000p\000a\000n\000\040\000P\000e\000k\000e\000r\000j\000a\000a\000n}{chapter.14}% 103
\BOOKMARK [1][-]{section.14.6}{\376\377\000S\000k\000i\000l\000l\000\040\000B\000a\000r\000u\000\040\000y\000a\000n\000g\000\040\000D\000i\000b\000u\000t\000u\000h\000k\000a\000n}{chapter.14}% 104
\BOOKMARK [-1][-]{part.6}{\376\377\000V\000I\000\040\000L\000a\000b\000o\000r\000a\000t\000o\000r\000i\000u\000m\000\040\000P\000r\000a\000k\000t\000i\000k\000\040\000A\000I\000\040\000\050\000H\000a\000n\000d\000s\000-\000O\000n\000\040\000L\000a\000b\000s\000\051}{}% 105
\BOOKMARK [0][-]{chapter.15}{\376\377\000L\000a\000b\000\040\0001\000:\000\040\000M\000e\000m\000b\000a\000n\000g\000u\000n\000\040\000A\000p\000l\000i\000k\000a\000s\000i\000\040\000R\000A\000G\000\040\000F\000u\000l\000l\000-\000S\000t\000a\000c\000k}{part.6}% 106
\BOOKMARK [1][-]{section.15.1}{\376\377\000A\000r\000s\000i\000t\000e\000k\000t\000u\000r\000\040\000S\000i\000s\000t\000e\000m}{chapter.15}% 107
\BOOKMARK [1][-]{section.15.2}{\376\377\000P\000e\000r\000s\000i\000a\000p\000a\000n\000\040\000E\000n\000v\000i\000r\000o\000n\000m\000e\000n\000t}{chapter.15}% 108
\BOOKMARK [1][-]{section.15.3}{\376\377\000K\000o\000d\000e\000\040\000U\000t\000a\000m\000a\000:\000\040\000a\000p\000p\000.\000p\000y}{chapter.15}% 109
\BOOKMARK [1][-]{section.15.4}{\376\377\000C\000a\000r\000a\000\040\000M\000e\000n\000j\000a\000l\000a\000n\000k\000a\000n}{chapter.15}% 110
\BOOKMARK [0][-]{chapter.16}{\376\377\000L\000a\000b\000\040\0002\000:\000\040\000F\000i\000n\000e\000-\000T\000u\000n\000i\000n\000g\000\040\000L\000L\000M\000\040\000\050\000Q\000L\000o\000R\000A\000\051}{part.6}% 111
\BOOKMARK [1][-]{section.16.1}{\376\377\000P\000e\000r\000s\000i\000a\000p\000a\000n\000\040\000D\000a\000t\000a\000s\000e\000t}{chapter.16}% 112
\BOOKMARK [1][-]{section.16.2}{\376\377\000K\000o\000d\000e\000\040\000N\000o\000t\000e\000b\000o\000o\000k\000\040\000\050\000G\000o\000o\000g\000l\000e\000\040\000C\000o\000l\000a\000b\000\051}{chapter.16}% 113
\BOOKMARK [2][-]{subsection.16.2.1}{\376\377\0001\000.\000\040\000I\000n\000s\000t\000a\000l\000l\000\040\000L\000i\000b\000r\000a\000r\000i\000e\000s}{section.16.2}% 114
\BOOKMARK [2][-]{subsection.16.2.2}{\376\377\0002\000.\000\040\000L\000o\000a\000d\000\040\000M\000o\000d\000e\000l\000\040\000\046\000\040\000T\000o\000k\000e\000n\000i\000z\000e\000r}{section.16.2}% 115
\BOOKMARK [2][-]{subsection.16.2.3}{\376\377\0003\000.\000\040\000S\000e\000t\000u\000p\000\040\000L\000o\000R\000A\000\040\000C\000o\000n\000f\000i\000g}{section.16.2}% 116
\BOOKMARK [2][-]{subsection.16.2.4}{\376\377\0004\000.\000\040\000T\000r\000a\000i\000n\000i\000n\000g\000\040\000L\000o\000o\000p}{section.16.2}% 117
\BOOKMARK [0][-]{chapter.17}{\376\377\000L\000a\000b\000\040\0003\000:\000\040\000M\000e\000m\000b\000a\000n\000g\000u\000n\000\040\000A\000I\000\040\000A\000g\000e\000n\000t\000\040\000d\000a\000r\000i\000\040\000N\000o\000l}{part.6}% 118
\BOOKMARK [1][-]{section.17.1}{\376\377\000L\000o\000g\000i\000k\000a\000\040\000R\000e\000A\000c\000t\000\040\000\050\000R\000e\000a\000s\000o\000n\000\040\000+\000\040\000A\000c\000t\000\051}{chapter.17}% 119
\BOOKMARK [1][-]{section.17.2}{\376\377\000M\000e\000n\000j\000a\000l\000a\000n\000k\000a\000n\000\040\000L\000o\000o\000p}{chapter.17}% 120
\BOOKMARK [0][-]{chapter.18}{\376\377\000L\000a\000b\000\040\0004\000:\000\040\000C\000o\000m\000p\000u\000t\000e\000r\000\040\000V\000i\000s\000i\000o\000n\000\040\000P\000i\000p\000e\000l\000i\000n\000e}{part.6}% 121
\BOOKMARK [1][-]{section.18.1}{\376\377\000P\000e\000r\000s\000i\000a\000p\000a\000n}{chapter.18}% 122
\BOOKMARK [1][-]{section.18.2}{\376\377\000K\000o\000d\000e\000\040\000P\000e\000n\000d\000e\000t\000e\000k\000s\000i\000\040\000W\000a\000j\000a\000h}{chapter.18}% 123
\BOOKMARK [0][-]{chapter.19}{\376\377\000L\000a\000b\000\040\0005\000:\000\040\000V\000o\000i\000c\000e\000\040\000A\000s\000s\000i\000s\000t\000a\000n\000t\000\040\000\050\000J\000.\000A\000.\000R\000.\000V\000.\000I\000.\000S\000\040\000M\000i\000n\000i\000\051}{part.6}% 124
\BOOKMARK [1][-]{section.19.1}{\376\377\000A\000r\000s\000i\000t\000e\000k\000t\000u\000r}{chapter.19}% 125
\BOOKMARK [1][-]{section.19.2}{\376\377\000K\000o\000d\000e\000\040\000I\000m\000p\000l\000e\000m\000e\000n\000t\000a\000s\000i}{chapter.19}% 126
